[disindustrikaca.netlify.app/index.html]
[backblue.gif]
[fade.gif]
[index.html]
[disindustrikaca.netlify.app/layout/styles/layout.css]
[disindustrikaca.netlify.app/images/demo/backgrounds/background1.jpg]
[disindustrikaca.netlify.app/index-2.html]
[disindustrikaca.netlify.app/pages/gallery.html]
[disindustrikaca.netlify.app/pages/full-width.html]
[disindustrikaca.netlify.app/pages/sidebar-left.html]
[disindustrikaca.netlify.app/pages/sidebar-right.html]
[disindustrikaca.netlify.app/pages/basic-grid.html]
[disindustrikaca.netlify.app/images/demo/gallery/1.jpg]
[disindustrikaca.netlify.app/images/demo/gallery/2.jpg]
[disindustrikaca.netlify.app/images/demo/gallery/6.jpg]
[disindustrikaca.netlify.app/railingkaca.html]
[disindustrikaca.netlify.app/images/demo/gallery/5.jpg]
[disindustrikaca.netlify.app/images/demo/gallery/7.jpg]
[disindustrikaca.netlify.app/images/demo/gallery/13.jpg]
[disindustrikaca.netlify.app/images/demo/gallery/9.jpg]
[disindustrikaca.netlify.app/images/demo/gallery/11.jpg]
[disindustrikaca.netlify.app/images/demo/gallery/12.jpg]
[disindustrikaca.netlify.app/images/demo/backgrounds/background2.jpg]
[disindustrikaca.netlify.app/images/demo/cargo91.jpg]
[disindustrikaca.netlify.app/images/demo/installing1.jpg]
[disindustrikaca.netlify.app/layout/scripts/jquery.min.js]
[disindustrikaca.netlify.app/layout/scripts/jquery.backtotop.js]
[disindustrikaca.netlify.app/layout/scripts/jquery.mobilemenu.js]
[disindustrikaca.netlify.app/index.html]
[disindustrikaca.netlify.app/layout/scripts/gmaps.js]
[disindustrikaca.netlify.app/layout/styles/fontawesome-4.6.2.min.css]
[disindustrikaca.netlify.app/layout/styles/layout.css]
[disindustrikaca.netlify.app/index-2.html]
[disindustrikaca.netlify.app/layout/styles/framework.css]
[disindustrikaca.netlify.app/images/demo/backgrounds/01.png]
[disindustrikaca.netlify.app/images/demo/gallery/01.png]
[disindustrikaca.netlify.app/pages/gallery.html]
[disindustrikaca.netlify.app/images/demo/imgr.gif]
[disindustrikaca.netlify.app/images/demo/imgl.gif]
[disindustrikaca.netlify.app/images/demo/avatar.png]
[disindustrikaca.netlify.app/pages/full-width.html]
[disindustrikaca.netlify.app/pages/sidebar-left.html]
[disindustrikaca.netlify.app/pages/sidebar-right.html]
[disindustrikaca.netlify.app/pages/basic-grid.html]
[disindustrikaca.netlify.app/railingkaca.html]
[disindustrikaca.netlify.app/layout/styles/fonts/fontawesome-webfont9efe.eot]
[disindustrikaca.netlify.app/layout/styles/fonts/fontawesome-webfontd41d.eot]
[disindustrikaca.netlify.app/layout/styles/fonts/fontawesome-webfont9efe.woff2]
[disindustrikaca.netlify.app/layout/styles/fonts/fontawesome-webfont9efe.woff]
[disindustrikaca.netlify.app/layout/styles/fonts/fontawesome-webfont9efe.ttf]
[disindustrikaca.netlify.app/layout/styles/fontawesome-4.6.2.min.css]
[disindustrikaca.netlify.app/layout/styles/framework.css]
[disindustrikaca.netlify.app/layout/styles/fonts/fontawesome-webfont9efe.svg]
[disindustrikaca.netlify.app/layout/styles/fonts/fontawesome-webfont9efe.svg]
